nohup: ignoring input
训练设备: cuda
混合精度状态: True
数据集路径: /root/sj-tmp/ctri3/data/dataset
Med-ReCL 状态: False
方法版本: GT-MedReCL++ (soft-positive + FN suppression + EMA structure/appearance)
GT-MedReCL++ 参数: radius=(0, 1, 1), FN threshold/weight=0.95/0.1, EMA=0.99, invariance=0.05, inv samples/tau=256/0.1
验证/测试裁剪: (150, 150, 150)
训练集病例总数: 40
验证集病例总数: 8
测试集病例总数: 3
CT/MRI配对检查: 病例ID、shape、affine和跨集合去重均通过
模型总参数量: 30,384,737
可训练参数量: 30,384,737

开始训练，epoch 1 到 100
Epoch   1/100 | lr:1.00e-04 train L:0.3482 Opt:40 Skip:0 Grad:0.425 Scale:65536 MAE:0.2583 PSNR:10.6 SSIM:0.1846 | val L:0.3094 PSNR:11.8 SSIM:0.2484 | 预估剩余时间:52分钟
  >> 刷新最优模型，验证SSIM：0.248424
  >> 刷新PSNR最优模型：11.7686 dB
  >> 刷新HFEN最优模型：0.832664
Epoch   2/100 | lr:1.00e-04 train L:0.3094 Opt:40 Skip:0 Grad:0.303 Scale:65536 MAE:0.2135 PSNR:11.9 SSIM:0.2355 | val L:0.3019 PSNR:12.2 SSIM:0.2557 | 预估剩余时间:51分钟
  >> 刷新最优模型，验证SSIM：0.255653
  >> 刷新PSNR最优模型：12.2222 dB
  >> 刷新HFEN最优模型：0.826664
Epoch   3/100 | lr:9.99e-05 train L:0.3190 Opt:40 Skip:0 Grad:0.318 Scale:65536 MAE:0.2215 PSNR:11.8 SSIM:0.2214 | val L:0.3012 PSNR:12.2 SSIM:0.2590 | 预估剩余时间:50分钟
  >> 刷新最优模型，验证SSIM：0.259024
Epoch   4/100 | lr:9.98e-05 train L:0.3119 Opt:40 Skip:0 Grad:0.283 Scale:65536 MAE:0.2129 PSNR:12.1 SSIM:0.2265 | val L:0.2937 PSNR:12.3 SSIM:0.2730 | 预估剩余时间:49分钟
  >> 刷新最优模型，验证SSIM：0.273037
  >> 刷新PSNR最优模型：12.2676 dB
  >> 刷新HFEN最优模型：0.826623
Epoch   5/100 | lr:9.96e-05 train L:0.3119 Opt:40 Skip:0 Grad:0.277 Scale:65536 MAE:0.2112 PSNR:12.2 SSIM:0.2281 | val L:0.2906 PSNR:12.7 SSIM:0.2693 | 预估剩余时间:49分钟
  >> 刷新PSNR最优模型：12.7160 dB
  >> 刷新HFEN最优模型：0.823401
  >> 保存周期断点: /root/sj-tmp/ctri3/output_e0_no_medrecl/checkpoints/epoch_0005.pth
Epoch   6/100 | lr:9.94e-05 train L:0.3098 Opt:40 Skip:0 Grad:0.340 Scale:65536 MAE:0.2085 PSNR:12.3 SSIM:0.2300 | val L:0.2889 PSNR:12.6 SSIM:0.2732 | 预估剩余时间:48分钟
  >> 刷新最优模型，验证SSIM：0.273226
Epoch   7/100 | lr:9.91e-05 train L:0.3074 Opt:40 Skip:0 Grad:0.319 Scale:65536 MAE:0.2079 PSNR:12.3 SSIM:0.2341 | val L:0.2823 PSNR:12.9 SSIM:0.2822 | 预估剩余时间:47分钟
  >> 刷新最优模型，验证SSIM：0.282217
  >> 刷新PSNR最优模型：12.8556 dB
  >> 刷新HFEN最优模型：0.820441
Epoch   8/100 | lr:9.88e-05 train L:0.3024 Opt:40 Skip:0 Grad:0.300 Scale:65536 MAE:0.2006 PSNR:12.6 SSIM:0.2385 | val L:0.2848 PSNR:12.9 SSIM:0.2747 | 预估剩余时间:47分钟
  >> 刷新PSNR最优模型：12.8918 dB
Epoch   9/100 | lr:9.84e-05 train L:0.3011 Opt:40 Skip:0 Grad:0.284 Scale:65536 MAE:0.1995 PSNR:12.5 SSIM:0.2419 | val L:0.2798 PSNR:13.1 SSIM:0.2848 | 预估剩余时间:46分钟
  >> 刷新最优模型，验证SSIM：0.284793
  >> 刷新PSNR最优模型：13.0523 dB
Epoch  10/100 | lr:9.80e-05 train L:0.2886 Opt:40 Skip:0 Grad:0.307 Scale:65536 MAE:0.1839 PSNR:13.0 SSIM:0.2558 | val L:0.2755 PSNR:13.0 SSIM:0.2991 | 预估剩余时间:46分钟
  >> 刷新最优模型，验证SSIM：0.299148
  >> 保存周期断点: /root/sj-tmp/ctri3/output_e0_no_medrecl/checkpoints/epoch_0010.pth
Epoch  11/100 | lr:9.76e-05 train L:0.2943 Opt:40 Skip:0 Grad:0.348 Scale:65536 MAE:0.1919 PSNR:12.7 SSIM:0.2490 | val L:0.2777 PSNR:12.9 SSIM:0.2936 | 预估剩余时间:45分钟
Epoch  12/100 | lr:9.71e-05 train L:0.2892 Opt:40 Skip:0 Grad:0.300 Scale:65536 MAE:0.1840 PSNR:12.9 SSIM:0.2551 | val L:0.2705 PSNR:13.0 SSIM:0.3137 | 预估剩余时间:45分钟
  >> 刷新最优模型，验证SSIM：0.313657
Epoch  13/100 | lr:9.65e-05 train L:0.2871 Opt:40 Skip:0 Grad:0.351 Scale:65536 MAE:0.1831 PSNR:13.1 SSIM:0.2591 | val L:0.2704 PSNR:13.3 SSIM:0.3027 | 预估剩余时间:44分钟
  >> 刷新PSNR最优模型：13.3268 dB
Epoch  14/100 | lr:9.59e-05 train L:0.2947 Opt:40 Skip:0 Grad:0.330 Scale:65536 MAE:0.1885 PSNR:12.9 SSIM:0.2448 | val L:0.2662 PSNR:13.4 SSIM:0.3165 | 预估剩余时间:44分钟
  >> 刷新最优模型，验证SSIM：0.316453
  >> 刷新PSNR最优模型：13.3631 dB
  >> 刷新HFEN最优模型：0.819804
Epoch  15/100 | lr:9.53e-05 train L:0.2803 Opt:40 Skip:0 Grad:0.341 Scale:65536 MAE:0.1749 PSNR:13.4 SSIM:0.2660 | val L:0.2618 PSNR:13.3 SSIM:0.3302 | 预估剩余时间:43分钟
  >> 刷新最优模型，验证SSIM：0.330207
  >> 保存周期断点: /root/sj-tmp/ctri3/output_e0_no_medrecl/checkpoints/epoch_0015.pth
Epoch  16/100 | lr:9.46e-05 train L:0.2726 Opt:40 Skip:0 Grad:0.362 Scale:65536 MAE:0.1653 PSNR:13.7 SSIM:0.2749 | val L:0.2562 PSNR:13.5 SSIM:0.3318 | 预估剩余时间:43分钟
  >> 刷新最优模型，验证SSIM：0.331774
  >> 刷新PSNR最优模型：13.4655 dB
Epoch  17/100 | lr:9.39e-05 train L:0.2586 Opt:40 Skip:0 Grad:0.402 Scale:65536 MAE:0.1585 PSNR:14.0 SSIM:0.3039 | val L:0.2638 PSNR:13.4 SSIM:0.3243 | 预估剩余时间:42分钟
Epoch  18/100 | lr:9.31e-05 train L:0.2723 Opt:40 Skip:0 Grad:0.399 Scale:65536 MAE:0.1718 PSNR:13.5 SSIM:0.2871 | val L:0.2610 PSNR:13.4 SSIM:0.3314 | 预估剩余时间:42分钟
  >> 刷新HFEN最优模型：0.814893
Epoch  19/100 | lr:9.23e-05 train L:0.2811 Opt:40 Skip:0 Grad:0.367 Scale:65536 MAE:0.1704 PSNR:13.5 SSIM:0.2610 | val L:0.2523 PSNR:13.7 SSIM:0.3434 | 预估剩余时间:41分钟
  >> 刷新最优模型，验证SSIM：0.343438
  >> 刷新PSNR最优模型：13.7215 dB
  >> 刷新HFEN最优模型：0.814538
Epoch  20/100 | lr:9.14e-05 train L:0.2768 Opt:40 Skip:0 Grad:0.318 Scale:65536 MAE:0.1654 PSNR:13.7 SSIM:0.2619 | val L:0.2426 PSNR:13.8 SSIM:0.3605 | 预估剩余时间:41分钟
  >> 刷新最优模型，验证SSIM：0.360522
  >> 刷新PSNR最优模型：13.7902 dB
  >> 刷新HFEN最优模型：0.812959
  >> 保存周期断点: /root/sj-tmp/ctri3/output_e0_no_medrecl/checkpoints/epoch_0020.pth
Epoch  21/100 | lr:9.05e-05 train L:0.2579 Opt:40 Skip:0 Grad:0.389 Scale:65536 MAE:0.1521 PSNR:14.2 SSIM:0.3006 | val L:0.2470 PSNR:13.8 SSIM:0.3533 | 预估剩余时间:40分钟
  >> 刷新PSNR最优模型：13.8142 dB
Epoch  22/100 | lr:8.96e-05 train L:0.2688 Opt:40 Skip:0 Grad:0.350 Scale:65536 MAE:0.1654 PSNR:13.8 SSIM:0.2891 | val L:0.2413 PSNR:13.9 SSIM:0.3649 | 预估剩余时间:40分钟
  >> 刷新最优模型，验证SSIM：0.364919
  >> 刷新PSNR最优模型：13.9195 dB
  >> 刷新HFEN最优模型：0.811116
Epoch  23/100 | lr:8.86e-05 train L:0.2712 Opt:40 Skip:0 Grad:0.396 Scale:65536 MAE:0.1624 PSNR:13.9 SSIM:0.2768 | val L:0.2435 PSNR:13.7 SSIM:0.3686 | 预估剩余时间:39分钟
  >> 刷新最优模型，验证SSIM：0.368596
Epoch  24/100 | lr:8.76e-05 train L:0.2351 Opt:40 Skip:0 Grad:0.443 Scale:65536 MAE:0.1424 PSNR:14.6 SSIM:0.3532 | val L:0.2403 PSNR:14.1 SSIM:0.3666 | 预估剩余时间:39分钟
  >> 刷新PSNR最优模型：14.0559 dB
Epoch  25/100 | lr:8.66e-05 train L:0.2539 Opt:40 Skip:0 Grad:0.405 Scale:65536 MAE:0.1513 PSNR:14.3 SSIM:0.3110 | val L:0.2340 PSNR:14.0 SSIM:0.3850 | 预估剩余时间:38分钟
  >> 刷新最优模型，验证SSIM：0.385034
  >> 刷新HFEN最优模型：0.801345
  >> 保存周期断点: /root/sj-tmp/ctri3/output_e0_no_medrecl/checkpoints/epoch_0025.pth
Epoch  26/100 | lr:8.55e-05 train L:0.2486 Opt:40 Skip:0 Grad:0.399 Scale:65536 MAE:0.1519 PSNR:14.3 SSIM:0.3302 | val L:0.2331 PSNR:14.2 SSIM:0.3822 | 预估剩余时间:38分钟
  >> 刷新PSNR最优模型：14.2268 dB
Epoch  27/100 | lr:8.44e-05 train L:0.2597 Opt:40 Skip:0 Grad:0.388 Scale:65536 MAE:0.1575 PSNR:14.1 SSIM:0.3051 | val L:0.2374 PSNR:13.8 SSIM:0.3807 | 预估剩余时间:37分钟
Epoch  28/100 | lr:8.32e-05 train L:0.2531 Opt:40 Skip:0 Grad:0.422 Scale:65536 MAE:0.1512 PSNR:14.4 SSIM:0.3125 | val L:0.2252 PSNR:14.3 SSIM:0.4015 | 预估剩余时间:36分钟
  >> 刷新最优模型，验证SSIM：0.401550
  >> 刷新PSNR最优模型：14.2631 dB
Epoch  29/100 | lr:8.21e-05 train L:0.2503 Opt:40 Skip:0 Grad:0.422 Scale:65536 MAE:0.1485 PSNR:14.5 SSIM:0.3188 | val L:0.2256 PSNR:14.2 SSIM:0.4045 | 预估剩余时间:36分钟
  >> 刷新最优模型，验证SSIM：0.404526
  >> 刷新HFEN最优模型：0.800075
Epoch  30/100 | lr:8.08e-05 train L:0.2562 Opt:40 Skip:0 Grad:0.393 Scale:65536 MAE:0.1498 PSNR:14.5 SSIM:0.3058 | val L:0.2325 PSNR:14.1 SSIM:0.3902 | 预估剩余时间:35分钟
  >> 保存周期断点: /root/sj-tmp/ctri3/output_e0_no_medrecl/checkpoints/epoch_0030.pth
Epoch  31/100 | lr:7.96e-05 train L:0.2381 Opt:40 Skip:0 Grad:0.435 Scale:65536 MAE:0.1388 PSNR:14.7 SSIM:0.3404 | val L:0.2272 PSNR:14.2 SSIM:0.4034 | 预估剩余时间:35分钟
  >> 刷新HFEN最优模型：0.799864
Epoch  32/100 | lr:7.83e-05 train L:0.2328 Opt:40 Skip:0 Grad:0.422 Scale:65536 MAE:0.1375 PSNR:14.9 SSIM:0.3537 | val L:0.2170 PSNR:14.5 SSIM:0.4200 | 预估剩余时间:34分钟
  >> 刷新最优模型，验证SSIM：0.419998
  >> 刷新PSNR最优模型：14.4934 dB
  >> 刷新HFEN最优模型：0.796187
Epoch  33/100 | lr:7.70e-05 train L:0.2551 Opt:40 Skip:0 Grad:0.367 Scale:65536 MAE:0.1504 PSNR:14.5 SSIM:0.3093 | val L:0.2209 PSNR:14.4 SSIM:0.4159 | 预估剩余时间:34分钟
  >> 刷新HFEN最优模型：0.786916
Epoch  34/100 | lr:7.57e-05 train L:0.2536 Opt:40 Skip:0 Grad:0.363 Scale:65536 MAE:0.1445 PSNR:14.5 SSIM:0.3049 | val L:0.2164 PSNR:14.4 SSIM:0.4240 | 预估剩余时间:33分钟
  >> 刷新最优模型，验证SSIM：0.423951
Epoch  35/100 | lr:7.43e-05 train L:0.2404 Opt:40 Skip:0 Grad:0.366 Scale:65536 MAE:0.1358 PSNR:14.9 SSIM:0.3320 | val L:0.2170 PSNR:14.5 SSIM:0.4234 | 预估剩余时间:33分钟
  >> 刷新PSNR最优模型：14.5111 dB
  >> 保存周期断点: /root/sj-tmp/ctri3/output_e0_no_medrecl/checkpoints/epoch_0035.pth
Epoch  36/100 | lr:7.30e-05 train L:0.2400 Opt:40 Skip:0 Grad:0.387 Scale:65536 MAE:0.1391 PSNR:14.7 SSIM:0.3384 | val L:0.2133 PSNR:14.6 SSIM:0.4307 | 预估剩余时间:32分钟
  >> 刷新最优模型，验证SSIM：0.430689
  >> 刷新PSNR最优模型：14.5565 dB
Epoch  37/100 | lr:7.16e-05 train L:0.2204 Opt:40 Skip:0 Grad:0.452 Scale:65536 MAE:0.1230 PSNR:15.5 SSIM:0.3710 | val L:0.2193 PSNR:14.5 SSIM:0.4174 | 预估剩余时间:32分钟
Epoch  38/100 | lr:7.02e-05 train L:0.2470 Opt:40 Skip:0 Grad:0.378 Scale:65536 MAE:0.1368 PSNR:14.8 SSIM:0.3147 | val L:0.2112 PSNR:14.6 SSIM:0.4360 | 预估剩余时间:31分钟
  >> 刷新最优模型，验证SSIM：0.436028
  >> 刷新PSNR最优模型：14.6237 dB
Epoch  39/100 | lr:6.87e-05 train L:0.2432 Opt:40 Skip:0 Grad:0.461 Scale:65536 MAE:0.1438 PSNR:14.6 SSIM:0.3336 | val L:0.2121 PSNR:14.5 SSIM:0.4336 | 预估剩余时间:31分钟
Epoch  40/100 | lr:6.73e-05 train L:0.2511 Opt:40 Skip:0 Grad:0.384 Scale:65536 MAE:0.1386 PSNR:14.9 SSIM:0.3076 | val L:0.2130 PSNR:14.7 SSIM:0.4319 | 预估剩余时间:30分钟
  >> 刷新PSNR最优模型：14.6780 dB
  >> 保存周期断点: /root/sj-tmp/ctri3/output_e0_no_medrecl/checkpoints/epoch_0040.pth
Epoch  41/100 | lr:6.58e-05 train L:0.2233 Opt:40 Skip:0 Grad:0.485 Scale:65536 MAE:0.1326 PSNR:14.9 SSIM:0.3755 | val L:0.2126 PSNR:14.6 SSIM:0.4321 | 预估剩余时间:30分钟
Epoch  42/100 | lr:6.43e-05 train L:0.2278 Opt:40 Skip:0 Grad:0.402 Scale:65536 MAE:0.1313 PSNR:15.1 SSIM:0.3638 | val L:0.2120 PSNR:14.5 SSIM:0.4347 | 预估剩余时间:29分钟
Epoch  43/100 | lr:6.28e-05 train L:0.2361 Opt:40 Skip:0 Grad:0.392 Scale:65536 MAE:0.1396 PSNR:14.8 SSIM:0.3532 | val L:0.2055 PSNR:14.8 SSIM:0.4490 | 预估剩余时间:29分钟
  >> 刷新最优模型，验证SSIM：0.449005
  >> 刷新PSNR最优模型：14.7616 dB
Epoch  44/100 | lr:6.13e-05 train L:0.2374 Opt:40 Skip:0 Grad:0.379 Scale:65536 MAE:0.1359 PSNR:14.8 SSIM:0.3415 | val L:0.2146 PSNR:14.6 SSIM:0.4316 | 预估剩余时间:28分钟
  >> 刷新HFEN最优模型：0.782404
Epoch  45/100 | lr:5.98e-05 train L:0.2068 Opt:40 Skip:0 Grad:0.481 Scale:65536 MAE:0.1258 PSNR:15.4 SSIM:0.4167 | val L:0.2076 PSNR:14.6 SSIM:0.4440 | 预估剩余时间:28分钟
  >> 保存周期断点: /root/sj-tmp/ctri3/output_e0_no_medrecl/checkpoints/epoch_0045.pth
Epoch  46/100 | lr:5.82e-05 train L:0.2109 Opt:40 Skip:0 Grad:0.533 Scale:65536 MAE:0.1213 PSNR:15.6 SSIM:0.3973 | val L:0.2079 PSNR:14.7 SSIM:0.4433 | 预估剩余时间:27分钟
Epoch  47/100 | lr:5.67e-05 train L:0.2374 Opt:40 Skip:0 Grad:0.414 Scale:65536 MAE:0.1370 PSNR:14.8 SSIM:0.3444 | val L:0.2047 PSNR:14.8 SSIM:0.4502 | 预估剩余时间:27分钟
  >> 刷新最优模型，验证SSIM：0.450157
  >> 刷新PSNR最优模型：14.7626 dB
Epoch  48/100 | lr:5.52e-05 train L:0.2123 Opt:40 Skip:0 Grad:0.403 Scale:65536 MAE:0.1261 PSNR:15.4 SSIM:0.4022 | val L:0.2054 PSNR:14.8 SSIM:0.4510 | 预估剩余时间:26分钟
  >> 刷新最优模型，验证SSIM：0.450956
Epoch  49/100 | lr:5.36e-05 train L:0.2010 Opt:40 Skip:0 Grad:0.417 Scale:65536 MAE:0.1249 PSNR:15.3 SSIM:0.4355 | val L:0.2011 PSNR:15.0 SSIM:0.4563 | 预估剩余时间:26分钟
  >> 刷新最优模型，验证SSIM：0.456328
  >> 刷新PSNR最优模型：15.0104 dB
Epoch  50/100 | lr:5.21e-05 train L:0.2243 Opt:40 Skip:0 Grad:0.454 Scale:131072 MAE:0.1243 PSNR:15.4 SSIM:0.3628 | val L:0.2048 PSNR:14.8 SSIM:0.4509 | 预估剩余时间:25分钟
  >> 保存周期断点: /root/sj-tmp/ctri3/output_e0_no_medrecl/checkpoints/epoch_0050.pth
Epoch  51/100 | lr:5.05e-05 train L:0.2148 Opt:40 Skip:0 Grad:0.400 Scale:131072 MAE:0.1240 PSNR:15.4 SSIM:0.3951 | val L:0.1987 PSNR:15.1 SSIM:0.4608 | 预估剩余时间:25分钟
  >> 刷新最优模型，验证SSIM：0.460812
  >> 刷新PSNR最优模型：15.1351 dB
Epoch  52/100 | lr:4.89e-05 train L:0.2132 Opt:40 Skip:0 Grad:0.443 Scale:131072 MAE:0.1249 PSNR:15.4 SSIM:0.4006 | val L:0.2008 PSNR:14.9 SSIM:0.4596 | 预估剩余时间:24分钟
Epoch  53/100 | lr:4.74e-05 train L:0.2191 Opt:40 Skip:0 Grad:0.400 Scale:131072 MAE:0.1258 PSNR:15.4 SSIM:0.3851 | val L:0.1979 PSNR:15.0 SSIM:0.4645 | 预估剩余时间:24分钟
  >> 刷新最优模型，验证SSIM：0.464543
Epoch  54/100 | lr:4.58e-05 train L:0.2237 Opt:40 Skip:0 Grad:0.406 Scale:131072 MAE:0.1298 PSNR:15.2 SSIM:0.3767 | val L:0.1998 PSNR:14.9 SSIM:0.4613 | 预估剩余时间:23分钟
Epoch  55/100 | lr:4.43e-05 train L:0.2258 Opt:40 Skip:0 Grad:0.416 Scale:131072 MAE:0.1257 PSNR:15.5 SSIM:0.3656 | val L:0.2031 PSNR:14.9 SSIM:0.4540 | 预估剩余时间:23分钟
  >> 保存周期断点: /root/sj-tmp/ctri3/output_e0_no_medrecl/checkpoints/epoch_0055.pth
Epoch  56/100 | lr:4.28e-05 train L:0.2228 Opt:40 Skip:0 Grad:0.413 Scale:131072 MAE:0.1265 PSNR:15.4 SSIM:0.3759 | val L:0.1986 PSNR:15.1 SSIM:0.4623 | 预估剩余时间:22分钟
Epoch  57/100 | lr:4.12e-05 train L:0.2303 Opt:40 Skip:0 Grad:0.439 Scale:131072 MAE:0.1283 PSNR:15.3 SSIM:0.3575 | val L:0.1977 PSNR:15.1 SSIM:0.4659 | 预估剩余时间:22分钟
  >> 刷新最优模型，验证SSIM：0.465948
Epoch  58/100 | lr:3.97e-05 train L:0.2220 Opt:40 Skip:0 Grad:0.391 Scale:131072 MAE:0.1249 PSNR:15.4 SSIM:0.3769 | val L:0.1988 PSNR:15.0 SSIM:0.4626 | 预估剩余时间:21分钟
  >> 刷新HFEN最优模型：0.781976
Epoch  59/100 | lr:3.82e-05 train L:0.2239 Opt:40 Skip:0 Grad:0.431 Scale:131072 MAE:0.1281 PSNR:15.3 SSIM:0.3751 | val L:0.1964 PSNR:15.1 SSIM:0.4673 | 预估剩余时间:21分钟
  >> 刷新最优模型，验证SSIM：0.467345
Epoch  60/100 | lr:3.67e-05 train L:0.2171 Opt:40 Skip:0 Grad:0.424 Scale:131072 MAE:0.1241 PSNR:15.4 SSIM:0.3875 | val L:0.1979 PSNR:15.0 SSIM:0.4654 | 预估剩余时间:20分钟
  >> 保存周期断点: /root/sj-tmp/ctri3/output_e0_no_medrecl/checkpoints/epoch_0060.pth
Epoch  61/100 | lr:3.52e-05 train L:0.2109 Opt:40 Skip:0 Grad:0.441 Scale:131072 MAE:0.1232 PSNR:15.4 SSIM:0.4052 | val L:0.1958 PSNR:15.2 SSIM:0.4688 | 预估剩余时间:20分钟
  >> 刷新最优模型，验证SSIM：0.468812
  >> 刷新PSNR最优模型：15.1989 dB
Epoch  62/100 | lr:3.37e-05 train L:0.2074 Opt:40 Skip:0 Grad:0.443 Scale:131072 MAE:0.1172 PSNR:15.8 SSIM:0.4090 | val L:0.1953 PSNR:15.2 SSIM:0.4704 | 预估剩余时间:19分钟
  >> 刷新最优模型，验证SSIM：0.470361
  >> 刷新HFEN最优模型：0.778164
Epoch  63/100 | lr:3.23e-05 train L:0.2106 Opt:40 Skip:0 Grad:0.433 Scale:131072 MAE:0.1171 PSNR:15.8 SSIM:0.3983 | val L:0.1982 PSNR:15.1 SSIM:0.4651 | 预估剩余时间:19分钟
Epoch  64/100 | lr:3.08e-05 train L:0.2219 Opt:40 Skip:0 Grad:0.432 Scale:131072 MAE:0.1225 PSNR:15.6 SSIM:0.3732 | val L:0.1935 PSNR:15.2 SSIM:0.4739 | 预估剩余时间:18分钟
  >> 刷新最优模型，验证SSIM：0.473933
  >> 刷新PSNR最优模型：15.2362 dB
Epoch  65/100 | lr:2.94e-05 train L:0.2143 Opt:40 Skip:0 Grad:0.537 Scale:131072 MAE:0.1225 PSNR:15.4 SSIM:0.3961 | val L:0.1958 PSNR:15.2 SSIM:0.4700 | 预估剩余时间:18分钟
  >> 保存周期断点: /root/sj-tmp/ctri3/output_e0_no_medrecl/checkpoints/epoch_0065.pth
Epoch  66/100 | lr:2.80e-05 train L:0.2339 Opt:40 Skip:0 Grad:0.381 Scale:131072 MAE:0.1292 PSNR:15.4 SSIM:0.3509 | val L:0.1932 PSNR:15.3 SSIM:0.4736 | 预估剩余时间:17分钟
  >> 刷新PSNR最优模型：15.2808 dB
Epoch  67/100 | lr:2.67e-05 train L:0.2059 Opt:40 Skip:0 Grad:0.416 Scale:131072 MAE:0.1158 PSNR:16.0 SSIM:0.4136 | val L:0.1936 PSNR:15.2 SSIM:0.4743 | 预估剩余时间:17分钟
  >> 刷新最优模型，验证SSIM：0.474320
Epoch  68/100 | lr:2.53e-05 train L:0.2276 Opt:40 Skip:0 Grad:0.406 Scale:131072 MAE:0.1241 PSNR:15.5 SSIM:0.3584 | val L:0.1928 PSNR:15.3 SSIM:0.4748 | 预估剩余时间:16分钟
  >> 刷新最优模型，验证SSIM：0.474836
  >> 刷新PSNR最优模型：15.2998 dB
Epoch  69/100 | lr:2.40e-05 train L:0.2138 Opt:40 Skip:0 Grad:0.456 Scale:131072 MAE:0.1197 PSNR:15.6 SSIM:0.3952 | val L:0.1940 PSNR:15.3 SSIM:0.4723 | 预估剩余时间:16分钟
Epoch  70/100 | lr:2.27e-05 train L:0.2079 Opt:40 Skip:0 Grad:0.460 Scale:131072 MAE:0.1254 PSNR:15.4 SSIM:0.4172 | val L:0.1927 PSNR:15.2 SSIM:0.4770 | 预估剩余时间:15分钟
  >> 刷新最优模型，验证SSIM：0.477025
  >> 保存周期断点: /root/sj-tmp/ctri3/output_e0_no_medrecl/checkpoints/epoch_0070.pth
Epoch  71/100 | lr:2.14e-05 train L:0.1991 Opt:40 Skip:0 Grad:0.459 Scale:131072 MAE:0.1180 PSNR:15.6 SSIM:0.4354 | val L:0.1949 PSNR:15.2 SSIM:0.4723 | 预估剩余时间:15分钟
Epoch  72/100 | lr:2.02e-05 train L:0.2084 Opt:40 Skip:0 Grad:0.435 Scale:131072 MAE:0.1206 PSNR:15.7 SSIM:0.4131 | val L:0.1924 PSNR:15.3 SSIM:0.4770 | 预估剩余时间:14分钟
Epoch  73/100 | lr:1.89e-05 train L:0.2138 Opt:40 Skip:0 Grad:0.436 Scale:131072 MAE:0.1235 PSNR:15.4 SSIM:0.4000 | val L:0.1936 PSNR:15.2 SSIM:0.4748 | 预估剩余时间:14分钟
Epoch  74/100 | lr:1.78e-05 train L:0.2123 Opt:40 Skip:0 Grad:0.437 Scale:131072 MAE:0.1217 PSNR:15.5 SSIM:0.4020 | val L:0.1919 PSNR:15.3 SSIM:0.4767 | 预估剩余时间:13分钟
  >> 刷新PSNR最优模型：15.3130 dB
Epoch  75/100 | lr:1.66e-05 train L:0.2081 Opt:40 Skip:0 Grad:0.426 Scale:131072 MAE:0.1210 PSNR:15.7 SSIM:0.4119 | val L:0.1912 PSNR:15.3 SSIM:0.4790 | 预估剩余时间:13分钟
  >> 刷新最优模型，验证SSIM：0.478964
  >> 保存周期断点: /root/sj-tmp/ctri3/output_e0_no_medrecl/checkpoints/epoch_0075.pth
Epoch  76/100 | lr:1.55e-05 train L:0.2014 Opt:40 Skip:0 Grad:0.453 Scale:131072 MAE:0.1174 PSNR:15.9 SSIM:0.4290 | val L:0.1919 PSNR:15.3 SSIM:0.4790 | 预估剩余时间:12分钟
  >> 刷新最优模型，验证SSIM：0.478985
Epoch  77/100 | lr:1.44e-05 train L:0.2131 Opt:40 Skip:0 Grad:0.444 Scale:131072 MAE:0.1226 PSNR:15.5 SSIM:0.4031 | val L:0.1907 PSNR:15.4 SSIM:0.4799 | 预估剩余时间:12分钟
  >> 刷新最优模型，验证SSIM：0.479912
  >> 刷新PSNR最优模型：15.3614 dB
Epoch  78/100 | lr:1.34e-05 train L:0.2098 Opt:40 Skip:0 Grad:0.442 Scale:131072 MAE:0.1201 PSNR:15.7 SSIM:0.4016 | val L:0.1902 PSNR:15.3 SSIM:0.4808 | 预估剩余时间:11分钟
  >> 刷新最优模型，验证SSIM：0.480757
  >> 刷新HFEN最优模型：0.775171
Epoch  79/100 | lr:1.24e-05 train L:0.2046 Opt:40 Skip:0 Grad:0.458 Scale:131072 MAE:0.1175 PSNR:15.9 SSIM:0.4184 | val L:0.1915 PSNR:15.4 SSIM:0.4785 | 预估剩余时间:11分钟
Epoch  80/100 | lr:1.14e-05 train L:0.2182 Opt:40 Skip:0 Grad:0.439 Scale:131072 MAE:0.1207 PSNR:15.7 SSIM:0.3854 | val L:0.1902 PSNR:15.3 SSIM:0.4808 | 预估剩余时间:10分钟
  >> 刷新最优模型，验证SSIM：0.480774
  >> 保存周期断点: /root/sj-tmp/ctri3/output_e0_no_medrecl/checkpoints/epoch_0080.pth
Epoch  81/100 | lr:1.05e-05 train L:0.2050 Opt:40 Skip:0 Grad:0.449 Scale:131072 MAE:0.1175 PSNR:15.7 SSIM:0.4152 | val L:0.1888 PSNR:15.4 SSIM:0.4830 | 预估剩余时间:10分钟
  >> 刷新最优模型，验证SSIM：0.482992
  >> 刷新PSNR最优模型：15.4348 dB
  >> 刷新HFEN最优模型：0.774698
Epoch  82/100 | lr:9.56e-06 train L:0.1953 Opt:40 Skip:0 Grad:0.447 Scale:131072 MAE:0.1172 PSNR:15.8 SSIM:0.4442 | val L:0.1903 PSNR:15.4 SSIM:0.4809 | 预估剩余时间:9分钟
Epoch  83/100 | lr:8.71e-06 train L:0.2122 Opt:40 Skip:0 Grad:0.461 Scale:131072 MAE:0.1176 PSNR:15.8 SSIM:0.3992 | val L:0.1899 PSNR:15.4 SSIM:0.4811 | 预估剩余时间:9分钟
Epoch  84/100 | lr:7.89e-06 train L:0.2092 Opt:40 Skip:0 Grad:0.453 Scale:131072 MAE:0.1196 PSNR:15.6 SSIM:0.4147 | val L:0.1891 PSNR:15.4 SSIM:0.4824 | 预估剩余时间:8分钟
Epoch  85/100 | lr:7.12e-06 train L:0.2074 Opt:40 Skip:0 Grad:0.480 Scale:131072 MAE:0.1164 PSNR:15.8 SSIM:0.4111 | val L:0.1892 PSNR:15.4 SSIM:0.4823 | 预估剩余时间:8分钟
  >> 保存周期断点: /root/sj-tmp/ctri3/output_e0_no_medrecl/checkpoints/epoch_0085.pth
Epoch  86/100 | lr:6.40e-06 train L:0.2129 Opt:40 Skip:0 Grad:0.458 Scale:131072 MAE:0.1208 PSNR:15.5 SSIM:0.3990 | val L:0.1888 PSNR:15.4 SSIM:0.4834 | 预估剩余时间:7分钟
  >> 刷新最优模型，验证SSIM：0.483410
  >> 刷新PSNR最优模型：15.4480 dB
Epoch  87/100 | lr:5.71e-06 train L:0.2007 Opt:40 Skip:0 Grad:0.497 Scale:131072 MAE:0.1176 PSNR:15.8 SSIM:0.4296 | val L:0.1896 PSNR:15.4 SSIM:0.4817 | 预估剩余时间:7分钟
Epoch  88/100 | lr:5.07e-06 train L:0.2045 Opt:40 Skip:0 Grad:0.444 Scale:131072 MAE:0.1152 PSNR:15.9 SSIM:0.4150 | val L:0.1889 PSNR:15.4 SSIM:0.4833 | 预估剩余时间:6分钟
Epoch  89/100 | lr:4.48e-06 train L:0.2086 Opt:40 Skip:0 Grad:0.484 Scale:131072 MAE:0.1213 PSNR:15.6 SSIM:0.4143 | val L:0.1897 PSNR:15.4 SSIM:0.4821 | 预估剩余时间:6分钟
Epoch  90/100 | lr:3.93e-06 train L:0.2074 Opt:40 Skip:0 Grad:0.479 Scale:131072 MAE:0.1193 PSNR:15.6 SSIM:0.4102 | val L:0.1888 PSNR:15.4 SSIM:0.4836 | 预估剩余时间:5分钟
  >> 刷新最优模型，验证SSIM：0.483567
  >> 保存周期断点: /root/sj-tmp/ctri3/output_e0_no_medrecl/checkpoints/epoch_0090.pth
Epoch  91/100 | lr:3.42e-06 train L:0.2092 Opt:40 Skip:0 Grad:0.438 Scale:131072 MAE:0.1203 PSNR:15.6 SSIM:0.4071 | val L:0.1888 PSNR:15.4 SSIM:0.4837 | 预估剩余时间:5分钟
  >> 刷新最优模型，验证SSIM：0.483748
Epoch  92/100 | lr:2.97e-06 train L:0.2103 Opt:40 Skip:0 Grad:0.506 Scale:131072 MAE:0.1194 PSNR:15.6 SSIM:0.4058 | val L:0.1883 PSNR:15.4 SSIM:0.4844 | 预估剩余时间:4分钟
  >> 刷新最优模型，验证SSIM：0.484395
Epoch  93/100 | lr:2.56e-06 train L:0.2067 Opt:40 Skip:0 Grad:0.509 Scale:131072 MAE:0.1177 PSNR:15.9 SSIM:0.4141 | val L:0.1882 PSNR:15.5 SSIM:0.4847 | 预估剩余时间:4分钟
  >> 刷新最优模型，验证SSIM：0.484738
  >> 刷新PSNR最优模型：15.4524 dB
Epoch  94/100 | lr:2.19e-06 train L:0.2238 Opt:40 Skip:0 Grad:0.438 Scale:131072 MAE:0.1240 PSNR:15.4 SSIM:0.3708 | val L:0.1885 PSNR:15.4 SSIM:0.4839 | 预估剩余时间:3分钟
Epoch  95/100 | lr:1.88e-06 train L:0.2216 Opt:40 Skip:0 Grad:0.439 Scale:131072 MAE:0.1186 PSNR:15.9 SSIM:0.3700 | val L:0.1885 PSNR:15.5 SSIM:0.4838 | 预估剩余时间:3分钟
  >> 刷新PSNR最优模型：15.4563 dB
  >> 保存周期断点: /root/sj-tmp/ctri3/output_e0_no_medrecl/checkpoints/epoch_0095.pth
Epoch  96/100 | lr:1.61e-06 train L:0.2077 Opt:40 Skip:0 Grad:0.491 Scale:131072 MAE:0.1160 PSNR:15.8 SSIM:0.4056 | val L:0.1885 PSNR:15.5 SSIM:0.4838 | 预估剩余时间:2分钟
Epoch  97/100 | lr:1.39e-06 train L:0.2026 Opt:40 Skip:0 Grad:0.481 Scale:131072 MAE:0.1166 PSNR:15.8 SSIM:0.4218 | val L:0.1881 PSNR:15.5 SSIM:0.4846 | 预估剩余时间:2分钟
  >> 刷新PSNR最优模型：15.4669 dB
Epoch  98/100 | lr:1.22e-06 train L:0.2082 Opt:40 Skip:0 Grad:0.494 Scale:131072 MAE:0.1161 PSNR:15.8 SSIM:0.4069 | val L:0.1881 PSNR:15.5 SSIM:0.4846 | 预估剩余时间:1分钟
Epoch  99/100 | lr:1.10e-06 train L:0.2011 Opt:40 Skip:0 Grad:0.457 Scale:131072 MAE:0.1142 PSNR:15.9 SSIM:0.4275 | val L:0.1882 PSNR:15.5 SSIM:0.4848 | 预估剩余时间:1分钟
  >> 刷新最优模型，验证SSIM：0.484786
Epoch 100/100 | lr:1.02e-06 train L:0.1952 Opt:40 Skip:0 Grad:0.462 Scale:262144 MAE:0.1196 PSNR:15.7 SSIM:0.4497 | val L:0.1882 PSNR:15.5 SSIM:0.4848 | 预估剩余时间:0分钟
  >> 保存周期断点: /root/sj-tmp/ctri3/output_e0_no_medrecl/checkpoints/epoch_0100.pth

全部训练结束！最优验证SSIM：0.484786

加载最优模型，在独立测试集评估最终效果...
测试集病例总数: 3
/root/sj-tmp/ctri3/train_gtmedreclpp.py:1178: FutureWarning: You are using `torch.load` with `weights_only=False` (the current default value), which uses the default pickle module implicitly. It is possible to construct malicious pickle data which will execute arbitrary code during unpickling (See https://github.com/pytorch/pytorch/blob/main/SECURITY.md#untrusted-models for more details). In a future release, the default value for `weights_only` will be flipped to `True`. This limits the functions that could be executed during unpickling. Arbitrary objects will no longer be allowed to be loaded via this mode unless they are explicitly allowlisted by the user via `torch.serialization.add_safe_globals`. We recommend you start setting `weights_only=True` for any use case where you don't have full control of the loaded file. Please open an issue on GitHub for any issues related to this experimental feature.
  ckpt = torch.load(str(best_path), map_location=device)
Moment验证集校准 | scale=32.6861 | raw MAE=0.0308135 | calibrated MAE=0.0318325
测试集最终指标 | MAE: 0.109188 | PSNR: 15.99 dB | SSIM: 0.524492 | 前景PSNR: 15.72 dB | 前景SSIM: 0.505223 | Gradient MAE: 0.074284 | HFEN: 0.728660

============================================================
启动MC Dropout方差图对照评估（单次矩传播 vs MC Dropout）...
  MC Dropout 推理次数: 200
  Dropout 率: 0.2
不确定性方差图对比结果 | RMSD vs MC200 variance: 0.000439 | MAE brain vs MC200 variance: 0.000273
Moment-vs-MC相关性 | Pearson: 0.8396 | Spearman: 0.8967
不确定性-vs-绝对误差相关性 | Moment Pearson/Spearman: 0.2773/0.3591 | MC Pearson/Spearman: 0.2694/0.3641
高不确定区域覆盖高误差区域(top 10%) | Moment: 0.1485 | MC: 0.1347
Moment方差与真实平方误差的MAE | raw: 0.026647 | validation-calibrated: 0.028389
平均推理时间 | Moment: 0.196s (1次) | MC200: 9.809s (200次) | 时间比: 50.0x
峰值额外显存 | Moment: 6625.7 MB | MC200: 1788.6 MB
同次推理的一一对应对比图保存至: /root/sj-tmp/ctri3/output_e0_no_medrecl/figures/test_mc_dropout_compare (3 cases)
不确定性方差CSV日志保存至: /root/sj-tmp/ctri3/output_e0_no_medrecl/uncertainty_results.csv
============================================================

所有模型、日志文件存放路径：/root/sj-tmp/ctri3/output_e0_no_medrecl
